// Jest Snapshot v1, https://goo.gl/fbAQLP

exports[`ArticleListItem.vue Snapshot: 一覧要素が表示される 1`] = `
"<li data-test="article-list-item">
  <h3 data-test="article-title">TypeScript を使ったテストの書き方</h3>
  <p data-test="article-body">テストを書く時、TypeScript を使うことで、テストの保守性が向上します…</p><a href="/articles/howto-testing-with-typescript" data-test="article-link">もっと見る</a>
</li>"
`;
