// Jest Snapshot v1, https://goo.gl/fbAQLP

exports[`ArticleList.vue Snapshot: items の数だけ一覧表示される 1`] = `
"<div>
  <h2 data-test="article-list-heading">記事一覧</h2>
  <ul data-test="article-list">
    <li data-test="article-list-item">
      <h3 data-test="article-title">TypeScript を使ったテストの書き方</h3>
      <p data-test="article-body">テストを書く時、TypeScript を使うことで、テストの保守性が向上します…</p><a href="/articles/howto-testing-with-typescript" data-test="article-link">もっと見る</a>
    </li>
    <li data-test="article-list-item">
      <h3 data-test="article-title">Next.js の Link コンポーネント</h3>
      <p data-test="article-body">Next.js の画面遷移には、Link コンポーネントを使用します…</p><a href="/articles/nextjs-link-component" data-test="article-link">もっと見る</a>
    </li>
    <li data-test="article-list-item">
      <h3 data-test="article-title">Jest ではじめる React のコンポーネントテスト</h3>
      <p data-test="article-body">Jest は単体テストとして、UIコンポーネントのテストが可能です…</p><a href="/articles/react-component-testing-with-jest" data-test="article-link">もっと見る</a>
    </li>
  </ul>
</div>"
`;
