// Jest Snapshot v1, https://goo.gl/fbAQLP

exports[`RegisterAddress.vue Snapshot: 登録フォームが表示される 1`] = `
"<div>
  <form data-test="register-address-form">
    <h2 data-test="form-heading">お届け先情報の入力</h2>
    <fieldset data-test="contact-number-component">
      <legend data-test="contact-legend">連絡先</legend>
      <div><label data-test="contact-number-label"> 電話番号 <input type="tel" name="phoneNumber" data-test="contact-number-input"></label></div>
      <div><label data-test="contact-name-label"> お名前 <input type="text" name="name" data-test="contact-name-input"></label></div>
    </fieldset>
    <fieldset data-test="default-delivery-address-component">
      <legend data-test="delivery-address-legend">お届け先</legend>
      <div><label data-test="postal-code-label"> 郵便番号 <input type="text" name="postalCode" placeholder="167-0051" data-test="postal-code-input"></label></div>
      <div><label data-test="prefecture-label"> 都道府県 <input type="text" name="prefecture" placeholder="東京都" data-test="prefecture-input"></label></div>
      <div><label data-test="municipalities-label"> 市区町村 <input type="text" name="municipalities" placeholder="杉並区荻窪1" data-test="municipalities-input"></label></div>
      <div><label data-test="street-address-label"> 番地番号 <input type="text" name="streetAddress" placeholder="00-00" data-test="street-address-input"></label></div>
    </fieldset>
    <hr>
    <div><button type="submit" data-test="submit-button"> 注文内容の確認へ進む </button></div>
  </form>
  <!--v-if-->
</div>"
`;
